zone name z50_azusant_f0_unity8174_spa1 vsan 50
  pwwn c0:50:76:09:5b:20:00:64 [azusant_f0]
  pwwn 50:06:01:61:47:e4:22:97 [azseunty1773_SPA1]

zone name z50_azplcbsx000652_san01-azsncbsx01_0ac vsan 50
  fcalias name azplcbsx000652_san01 vsan 50
    pwwn 21:00:f4:e9:d4:57:6e:66 [azplcbsx000652_san01]
  
  fcalias name azsncbsx01_c01_0a vsan 50
    pwwn 20:12:00:a0:98:fa:42:6e [azsncbsx01_c01_0a]
  
  fcalias name azsncbsx01_c01_0c vsan 50
    pwwn 20:32:00:a0:98:fa:42:6e [azsncbsx01_c01_0c]
  
  fcalias name azsncbsx01_c02_0a vsan 50
    pwwn 20:13:00:a0:98:fa:42:6e [azsncbsx01_c02_0a]
  
  fcalias name azsncbsx01_c02_0c vsan 50
    pwwn 20:33:00:a0:98:fa:42:6e [azsncbsx01_c02_0c]

zone name z50_azplcbsx000653_san01-azsncbsx01_0ac vsan 50
  fcalias name azplcbsx000653_san01 vsan 50
    pwwn 21:00:f4:e9:d4:54:a7:c8 [azplcbsx000653_san01]
  
  fcalias name azsncbsx01_c01_0a vsan 50
    pwwn 20:12:00:a0:98:fa:42:6e [azsncbsx01_c01_0a]
  
  fcalias name azsncbsx01_c01_0c vsan 50
    pwwn 20:32:00:a0:98:fa:42:6e [azsncbsx01_c01_0c]
  
  fcalias name azsncbsx01_c02_0a vsan 50
    pwwn 20:13:00:a0:98:fa:42:6e [azsncbsx01_c02_0a]
  
  fcalias name azsncbsx01_c02_0c vsan 50
    pwwn 20:33:00:a0:98:fa:42:6e [azsncbsx01_c02_0c]

zone name z50_azplwebodb01_f0_unity1773_spa3_spb2 vsan 50
  fcalias name azseunty8174_SPA3 vsan 50
    pwwn 50:06:01:63:47:e4:22:97 [azseunty1773_SPA3]
  
  fcalias name azseunty8174_SPB2 vsan 50
    pwwn 50:06:01:6a:47:e4:22:97 [azseunty1773_SPB2]
  
  fcalias name azplwebdb01_f0 vsan 50
    pwwn 21:00:00:24:ff:0c:58:37 [azplwebodb01_f0]

zone name z50_azpwvnasql1_f0_unity8174_spa1_spb0 vsan 50
  fcalias name azseunty8174_SPA1 vsan 50
    pwwn 50:06:01:61:47:e4:22:97 [azseunty1773_SPA1]
  
  fcalias name azseunty8174_SPB0 vsan 50
    pwwn 50:06:01:68:47:e4:22:97 [azseunty1773_SPB0]
  
  fcalias name azpwvnasql1_f0 vsan 50
    pwwn 21:00:00:24:ff:0d:26:68 [azpwvnasql1_f0]

zone name z50_azplcbsx000652_san01-azsncbsx02_0ac vsan 50
  fcalias name azplcbsx000652_san01 vsan 50
    pwwn 21:00:f4:e9:d4:57:6e:66 [azplcbsx000652_san01]
  
  fcalias name azsncbsx02_c01_0a vsan 50
    pwwn 20:12:00:a0:98:42:fa:8c
  
  fcalias name azsncbsx02_c01_0c vsan 50
    pwwn 20:32:00:a0:98:fa:42:8c [azsncbsx02_c01_0c]
  
  fcalias name azsncbsx02_c02_0a vsan 50
    pwwn 20:13:00:a0:98:fa:42:8c [azsncbsx02_c02_0a]
  
  fcalias name azsncbsx02_c02_0c vsan 50
    pwwn 20:33:00:a0:98:fa:42:8c [azsncbsx02_c02_0c]

zone name z50_azplcbsx000653_san01-azsncbsx02_0ac vsan 50
  fcalias name azplcbsx000653_san01 vsan 50
    pwwn 21:00:f4:e9:d4:54:a7:c8 [azplcbsx000653_san01]
  
  fcalias name azsncbsx02_c01_0a vsan 50
    pwwn 20:12:00:a0:98:42:fa:8c
  
  fcalias name azsncbsx02_c01_0c vsan 50
    pwwn 20:32:00:a0:98:fa:42:8c [azsncbsx02_c01_0c]
  
  fcalias name azsncbsx02_c02_0a vsan 50
    pwwn 20:13:00:a0:98:fa:42:8c [azsncbsx02_c02_0a]
  
  fcalias name azsncbsx02_c02_0c vsan 50
    pwwn 20:33:00:a0:98:fa:42:8c [azsncbsx02_c02_0c]

zone name z50_azpwovd01_A001_8174_spa_iom_1_fc1 vsan 50
  pwwn 20:ff:00:25:b5:a2:a0:01 [azpwovd01_f0]
  pwwn 50:06:01:61:47:e4:22:97 [azseunty1773_SPA1]

zone name z50_azplocat02_f0_unity8174_spa3_spb2 vsan 50
  fcalias name azseunty8174_SPA3 vsan 50
    pwwn 50:06:01:63:47:e4:22:97 [azseunty1773_SPA3]
  
  fcalias name azseunty8174_SPB2 vsan 50
    pwwn 50:06:01:6a:47:e4:22:97 [azseunty1773_SPB2]
  
  fcalias name azplocat02_f0 vsan 50
    pwwn 21:00:00:24:ff:01:18:5f [azplocat02_f0]

zone name z50_azpe123_A03B_8174_spa_iom_1_fc1 vsan 50
  pwwn 20:ff:00:25:b5:a1:a0:3b [azpe123_f0]
  pwwn 50:06:01:61:47:e4:22:97 [azseunty1773_SPA1]

zone name z50_azpe001_f0_unity8174_spa1_spb0 vsan 50
  fcalias name azseunty8174_SPA1 vsan 50
    pwwn 50:06:01:61:47:e4:22:97 [azseunty1773_SPA1]
  
  fcalias name azseunty8174_SPB0 vsan 50
    pwwn 50:06:01:68:47:e4:22:97 [azseunty1773_SPB0]
  
  fcalias name azpe001_f0 vsan 50
    pwwn 20:ff:00:25:b5:a1:a0:1d [azpe001_f0]

zone name z50_azpe123_A03B_8174_spb_iom_1_fc2 vsan 50
  pwwn 20:ff:00:25:b5:a1:a0:3b [azpe123_f0]
  pwwn 50:06:01:6a:47:e4:22:97 [azseunty1773_SPB2]

zone name z50_azuqaunx_f1_f0_unity8174_spa1_spb0 vsan 50
  fcalias name azseunty8174_SPA1 vsan 50
    pwwn 50:06:01:61:47:e4:22:97 [azseunty1773_SPA1]
  
  fcalias name azseunty8174_SPB0 vsan 50
    pwwn 50:06:01:68:47:e4:22:97 [azseunty1773_SPB0]
  
  fcalias name azuqaunx_01_f0 vsan 50
    pwwn c0:50:76:09:5b:20:00:0e [azuqaunx-01_f0]
    pwwn c0:50:76:09:5b:20:00:0f

zone name z50_azplcbsx000309_san01-azsncbsx01_0ac vsan 50
  fcalias name azsncbsx01_c01_0a vsan 50
    pwwn 20:12:00:a0:98:fa:42:6e [azsncbsx01_c01_0a]
  
  fcalias name azsncbsx01_c01_0c vsan 50
    pwwn 20:32:00:a0:98:fa:42:6e [azsncbsx01_c01_0c]
  
  fcalias name azsncbsx01_c02_0a vsan 50
    pwwn 20:13:00:a0:98:fa:42:6e [azsncbsx01_c02_0a]
  
  fcalias name azsncbsx01_c02_0c vsan 50
    pwwn 20:33:00:a0:98:fa:42:6e [azsncbsx01_c02_0c]
  
  fcalias name azplcbsx000309_san01 vsan 50
    pwwn 21:00:f4:e9:d4:55:f3:e6 [azplcbsx000309_san01]

zone name z50_azpe002_f0_unity8174_spa1_spb0 vsan 50
  fcalias name azseunty8174_SPA1 vsan 50
    pwwn 50:06:01:61:47:e4:22:97 [azseunty1773_SPA1]
  
  fcalias name azseunty8174_SPB0 vsan 50
    pwwn 50:06:01:68:47:e4:22:97 [azseunty1773_SPB0]
  
  fcalias name azpe002_f0 vsan 50
    pwwn 20:ff:00:25:b5:a1:a0:1e [azpe002_f0]

zone name z50_azpe122_A03A_8174_spb_iom_1_fc0 vsan 50
  pwwn 20:ff:00:25:b5:a1:a0:3a [azpe122_f0]
  pwwn 50:06:01:68:47:e4:22:97 [azseunty1773_SPB0]

zone name z50_azpe122_A03A_8174_spa_iom_1_fc3 vsan 50
  pwwn 20:ff:00:25:b5:a1:a0:3a [azpe122_f0]
  pwwn 50:06:01:63:47:e4:22:97 [azseunty1773_SPA3]

zone name z50_azulaba_f0_unity8174_spa1 vsan 50
  fcalias name azseunty8174_SPA1 vsan 50
    pwwn 50:06:01:61:47:e4:22:97 [azseunty1773_SPA1]
  
  fcalias name azulaba_f0 vsan 50
    pwwn c0:50:76:09:5b:20:00:30
    pwwn c0:50:76:09:5b:20:00:31

zone name z50_azulaba_f2_unity8174_spb0 vsan 50
  fcalias name azseunty8174_SPB0 vsan 50
    pwwn 50:06:01:68:47:e4:22:97 [azseunty1773_SPB0]
  
  fcalias name azulaba_f2 vsan 50
    pwwn c0:50:76:09:5b:20:00:34 [azulaba_f2]
    pwwn c0:50:76:09:5b:20:00:35

zone name z50_azlonbasep1_f0_unity8174_spa3_spb2 vsan 50
  fcalias name azseunty8174_SPA3 vsan 50
    pwwn 50:06:01:63:47:e4:22:97 [azseunty1773_SPA3]
  
  fcalias name azseunty8174_SPB2 vsan 50
    pwwn 50:06:01:6a:47:e4:22:97 [azseunty1773_SPB2]
  
  fcalias name azlonbasep1_f0 vsan 50
    pwwn 21:00:00:24:ff:01:78:b0 [azlonbasep1_f0]

zone name z50_azplcbsx000309_san01-azsncbsx02_0ac vsan 50
  fcalias name azsncbsx02_c01_0a vsan 50
    pwwn 20:12:00:a0:98:42:fa:8c
  
  fcalias name azsncbsx02_c01_0c vsan 50
    pwwn 20:32:00:a0:98:fa:42:8c [azsncbsx02_c01_0c]
  
  fcalias name azsncbsx02_c02_0a vsan 50
    pwwn 20:13:00:a0:98:fa:42:8c [azsncbsx02_c02_0a]
  
  fcalias name azsncbsx02_c02_0c vsan 50
    pwwn 20:33:00:a0:98:fa:42:8c [azsncbsx02_c02_0c]
  
  fcalias name azplcbsx000309_san01 vsan 50
    pwwn 21:00:f4:e9:d4:55:f3:e6 [azplcbsx000309_san01]

zone name z50_azplcslrpa1_f0_unity1773 vsan 50
  fcalias name azseunty8174_SPA3 vsan 50
    pwwn 50:06:01:63:47:e4:22:97 [azseunty1773_SPA3]
  
  fcalias name azseunty8174_SPB2 vsan 50
    pwwn 50:06:01:6a:47:e4:22:97 [azseunty1773_SPB2]
  
  fcalias name azseunty8174_SPA1 vsan 50
    pwwn 50:06:01:61:47:e4:22:97 [azseunty1773_SPA1]
  
  fcalias name azseunty8174_SPB0 vsan 50
    pwwn 50:06:01:68:47:e4:22:97 [azseunty1773_SPB0]
  
  fcalias name azplcslrpa1-1_f0 vsan 50
    pwwn 50:01:24:80:0b:50:46:03 [azplcslrpa1-1_f0]
  
  fcalias name azplcslrpa1-2_f0 vsan 50
    pwwn 50:01:24:80:00:a0:46:03 [azplcslrpa1-2_f0]
  
  fcalias name azplcslrpa1-4_f0 vsan 50
    pwwn 50:01:24:80:09:c0:66:03 [azplcslrpa1-4_f0]
  
  fcalias name azplcslrpa1-3_f0 vsan 50
    pwwn 50:01:24:80:0f:d0:46:03 [azplcslrpa1-3_f0]

zone name z50_azpe120_A038_8174_spa_iom_1_fc1 vsan 50
  pwwn 20:ff:00:25:b5:a1:a0:38 [azpe120_f0]
  pwwn 50:06:01:61:47:e4:22:97 [azseunty1773_SPA1]

zone name z50_azpe120_A038_8174_spb_iom_1_fc2 vsan 50
  pwwn 20:ff:00:25:b5:a1:a0:38 [azpe120_f0]
  pwwn 50:06:01:6a:47:e4:22:97 [azseunty1773_SPB2]

zone name z50_azpe121_A039_8174_spb_iom_1_fc0 vsan 50
  pwwn 20:ff:00:25:b5:a1:a0:39 [azpe121_f0]
  pwwn 50:06:01:68:47:e4:22:97 [azseunty1773_SPB0]

zone name z50_azplcbsx000310_san01-azsncbsx01_0ac vsan 50
  fcalias name azsncbsx01_c01_0a vsan 50
    pwwn 20:12:00:a0:98:fa:42:6e [azsncbsx01_c01_0a]
  
  fcalias name azsncbsx01_c01_0c vsan 50
    pwwn 20:32:00:a0:98:fa:42:6e [azsncbsx01_c01_0c]
  
  fcalias name azsncbsx01_c02_0a vsan 50
    pwwn 20:13:00:a0:98:fa:42:6e [azsncbsx01_c02_0a]
  
  fcalias name azsncbsx01_c02_0c vsan 50
    pwwn 20:33:00:a0:98:fa:42:6e [azsncbsx01_c02_0c]
  
  fcalias name azplcbsx000310_san01 vsan 50
    pwwn 21:00:f4:e9:d4:55:f4:4a [azplcbsx000310_san01]

zone name z50_azplcbsx000310_san01-azsncbsx02_0ac vsan 50
  fcalias name azsncbsx02_c01_0a vsan 50
    pwwn 20:12:00:a0:98:42:fa:8c
  
  fcalias name azsncbsx02_c01_0c vsan 50
    pwwn 20:32:00:a0:98:fa:42:8c [azsncbsx02_c01_0c]
  
  fcalias name azsncbsx02_c02_0a vsan 50
    pwwn 20:13:00:a0:98:fa:42:8c [azsncbsx02_c02_0a]
  
  fcalias name azsncbsx02_c02_0c vsan 50
    pwwn 20:33:00:a0:98:fa:42:8c [azsncbsx02_c02_0c]
  
  fcalias name azplcbsx000310_san01 vsan 50
    pwwn 21:00:f4:e9:d4:55:f4:4a [azplcbsx000310_san01]

zone name z50_azpe121_A039_8174_spa_iom_1_fc3 vsan 50
  pwwn 20:ff:00:25:b5:a1:a0:39 [azpe121_f0]
  pwwn 50:06:01:63:47:e4:22:97 [azseunty1773_SPA3]

zone name z50_azpesxctx48_A036_8174_spa_iom_1_fc1 vsan 50
  pwwn 20:ff:00:25:b5:a1:a0:36 [azpesxctx48_f0]
  pwwn 50:06:01:61:47:e4:22:97 [azseunty1773_SPA1]

zone name z50_azpesxctx48_A036_8174_spb_iom_1_fc2 vsan 50
  pwwn 20:ff:00:25:b5:a1:a0:36 [azpesxctx48_f0]
  pwwn 50:06:01:6a:47:e4:22:97 [azseunty1773_SPB2]

zone name z50_azpesxctx50_A033_8174_spa_iom_1_fc1 vsan 50
  pwwn 20:ff:00:25:b5:a1:a0:33 [azpesxctx50_f0]
  pwwn 50:06:01:61:47:e4:22:97 [azseunty1773_SPA1]

zone name z50_azuqaunx_f0_unity8174_spa1 vsan 50
  fcalias name azseunty8174_SPA1 vsan 50
    pwwn 50:06:01:61:47:e4:22:97 [azseunty1773_SPA1]

zone name z50_azuqaunx_f2_unity8174_spb0 vsan 50
  fcalias name azseunty8174_SPB0 vsan 50
    pwwn 50:06:01:68:47:e4:22:97 [azseunty1773_SPB0]

zone name z50_azpesxctx50_A033_8174_spb_iom_1_fc2 vsan 50
  pwwn 20:ff:00:25:b5:a1:a0:33 [azpesxctx50_f0]
  pwwn 50:06:01:6a:47:e4:22:97 [azseunty1773_SPB2]

zone name z50_azpesxctx46_A034_8174_spb_iom_1_fc0 vsan 50
  pwwn 20:ff:00:25:b5:a1:a0:34 [azpesxctx46_f0]
  pwwn 50:06:01:68:47:e4:22:97 [azseunty1773_SPB0]

zone name z50_azpesxctx46_A034_8174_spa_iom_1_fc3 vsan 50
  pwwn 20:ff:00:25:b5:a1:a0:34 [azpesxctx46_f0]
  pwwn 50:06:01:63:47:e4:22:97 [azseunty1773_SPA3]

zone name z50_azpesxctx47_A035_8174_spa_iom_1_fc1 vsan 50
  pwwn 20:ff:00:25:b5:a1:a0:35 [azpesxctx47_f0]
  pwwn 50:06:01:61:47:e4:22:97 [azseunty1773_SPA1]

zone name z50_azplepicbu01_f0_unity8174_spa1_spb0 vsan 50
  fcalias name azseunty8174_SPA1 vsan 50
    pwwn 50:06:01:61:47:e4:22:97 [azseunty1773_SPA1]
  
  fcalias name azseunty8174_SPB0 vsan 50
    pwwn 50:06:01:68:47:e4:22:97 [azseunty1773_SPB0]
  
  fcalias name azplepicbu01_f0 vsan 50
    pwwn 20:ff:00:25:b5:a3:a0:02 [azplepicbu01_f0]

zone name z50_azxe01p_f0_unity8174_spa1_spb0 vsan 50
  fcalias name azseunty8174_SPA1 vsan 50
    pwwn 50:06:01:61:47:e4:22:97 [azseunty1773_SPA1]
  
  fcalias name azseunty8174_SPB0 vsan 50
    pwwn 50:06:01:68:47:e4:22:97 [azseunty1773_SPB0]
  
  fcalias name azxe01p_f0 vsan 50
    pwwn 21:00:00:24:ff:03:0f:ae [azxe01p_f0]

zone name z50_azxe02p_f0_unity8174_spa1_spb0 vsan 50
  fcalias name azseunty8174_SPA1 vsan 50
    pwwn 50:06:01:61:47:e4:22:97 [azseunty1773_SPA1]
  
  fcalias name azseunty8174_SPB0 vsan 50
    pwwn 50:06:01:68:47:e4:22:97 [azseunty1773_SPB0]
  
  fcalias name azxe02p_f0 vsan 50
    pwwn 21:00:00:24:ff:03:10:69 [azxe02p_f0]

zone name z50_azpesxclin01_f0_unity8174_spa3_spb2 vsan 50
  fcalias name azseunty8174_SPA3 vsan 50
    pwwn 50:06:01:63:47:e4:22:97 [azseunty1773_SPA3]
  
  fcalias name azseunty8174_SPB2 vsan 50
    pwwn 50:06:01:6a:47:e4:22:97 [azseunty1773_SPB2]
  
  fcalias name azpesxclin01_f0 vsan 50
    pwwn 20:ff:00:25:b5:a1:a0:02 [azpesxclin01_f0]

zone name z50_azpesxclin02_f0_unity8174_spa3_spb2 vsan 50
  fcalias name azseunty8174_SPA3 vsan 50
    pwwn 50:06:01:63:47:e4:22:97 [azseunty1773_SPA3]
  
  fcalias name azseunty8174_SPB2 vsan 50
    pwwn 50:06:01:6a:47:e4:22:97 [azseunty1773_SPB2]
  
  fcalias name azpesxclin02_f0 vsan 50
    pwwn 20:ff:00:25:b5:a1:a0:03 [azpesxclin02_f0]

zone name z50_azpesxclin03_f0_unity8174_spa3_spb2 vsan 50
  fcalias name azseunty8174_SPA3 vsan 50
    pwwn 50:06:01:63:47:e4:22:97 [azseunty1773_SPA3]
  
  fcalias name azseunty8174_SPB2 vsan 50
    pwwn 50:06:01:6a:47:e4:22:97 [azseunty1773_SPB2]
  
  fcalias name azpesxclin03_f0 vsan 50
    pwwn 20:ff:00:25:b5:a1:a0:01 [azpesxclin03_f0]

zone name z50_azpesxctx01_f0_unity8174_spa1_spb0 vsan 50
  fcalias name azseunty8174_SPA1 vsan 50
    pwwn 50:06:01:61:47:e4:22:97 [azseunty1773_SPA1]
  
  fcalias name azseunty8174_SPB0 vsan 50
    pwwn 50:06:01:68:47:e4:22:97 [azseunty1773_SPB0]
  
  fcalias name azpesxctx01_f0 vsan 50
    pwwn 20:ff:00:25:b5:a1:a0:04 [azpesxctx01_f0]

zone name z50_azpesxctx02_f0_unity8174_spa1_spb0 vsan 50
  fcalias name azseunty8174_SPA1 vsan 50
    pwwn 50:06:01:61:47:e4:22:97 [azseunty1773_SPA1]
  
  fcalias name azseunty8174_SPB0 vsan 50
    pwwn 50:06:01:68:47:e4:22:97 [azseunty1773_SPB0]
  
  fcalias name azpesxctx02_f0 vsan 50
    pwwn 20:ff:00:25:b5:a1:a0:05 [azpesxctx02_f0]

zone name z50_azpesxctx03_f0_unity8174_spa1_spb0 vsan 50
  fcalias name azseunty8174_SPA1 vsan 50
    pwwn 50:06:01:61:47:e4:22:97 [azseunty1773_SPA1]
  
  fcalias name azseunty8174_SPB0 vsan 50
    pwwn 50:06:01:68:47:e4:22:97 [azseunty1773_SPB0]
  
  fcalias name azpesxctx03_f0 vsan 50
    pwwn 20:ff:00:25:b5:a1:a0:06 [azpesxctx03_f0]

zone name z50_azpesxctx04_f0_unity8174_spa1_spb0 vsan 50
  fcalias name azseunty8174_SPA1 vsan 50
    pwwn 50:06:01:61:47:e4:22:97 [azseunty1773_SPA1]
  
  fcalias name azseunty8174_SPB0 vsan 50
    pwwn 50:06:01:68:47:e4:22:97 [azseunty1773_SPB0]
  
  fcalias name azpesxctx04_f0 vsan 50
    pwwn 20:ff:00:25:b5:a1:a0:07 [azpesxctx04_f0]

zone name z50_azpesxctx05_f0_unity8174_spa1_spb0 vsan 50
  fcalias name azseunty8174_SPA1 vsan 50
    pwwn 50:06:01:61:47:e4:22:97 [azseunty1773_SPA1]
  
  fcalias name azseunty8174_SPB0 vsan 50
    pwwn 50:06:01:68:47:e4:22:97 [azseunty1773_SPB0]
  
  fcalias name azpesxctx05_f0 vsan 50
    pwwn 20:ff:00:25:b5:a1:a0:08 [azpesxctx05_f0]

zone name z50_azpesxctx06_f0_unity8174_spa1_spb0 vsan 50
  fcalias name azseunty8174_SPA1 vsan 50
    pwwn 50:06:01:61:47:e4:22:97 [azseunty1773_SPA1]
  
  fcalias name azseunty8174_SPB0 vsan 50
    pwwn 50:06:01:68:47:e4:22:97 [azseunty1773_SPB0]
  
  fcalias name azpesxctx06_f0 vsan 50
    pwwn 20:ff:00:25:b5:a1:a0:09 [azpesxctx06_f0]

zone name z50_azpesxctx07_f0_unity8174_spa1_spb0 vsan 50
  fcalias name azseunty8174_SPA1 vsan 50
    pwwn 50:06:01:61:47:e4:22:97 [azseunty1773_SPA1]
  
  fcalias name azseunty8174_SPB0 vsan 50
    pwwn 50:06:01:68:47:e4:22:97 [azseunty1773_SPB0]
  
  fcalias name azpesxctx07_f0 vsan 50
    pwwn 20:ff:00:25:b5:a1:a0:0a [azpesxctx07_f0]

zone name z50_azpesxctx08_f0_unity8174_spa1_spb0 vsan 50
  fcalias name azseunty8174_SPA1 vsan 50
    pwwn 50:06:01:61:47:e4:22:97 [azseunty1773_SPA1]
  
  fcalias name azseunty8174_SPB0 vsan 50
    pwwn 50:06:01:68:47:e4:22:97 [azseunty1773_SPB0]
  
  fcalias name azpesxctx08_f0 vsan 50
    pwwn 20:ff:00:25:b5:a1:a0:0b [azpesxctx08_f0]

zone name z50_azpesxctx09_f0_unity8174_spa1_spb0 vsan 50
  fcalias name azseunty8174_SPA1 vsan 50
    pwwn 50:06:01:61:47:e4:22:97 [azseunty1773_SPA1]
  
  fcalias name azseunty8174_SPB0 vsan 50
    pwwn 50:06:01:68:47:e4:22:97 [azseunty1773_SPB0]
  
  fcalias name azpesxctx09_f0 vsan 50
    pwwn 20:ff:00:25:b5:a1:a0:0c [azpesxctx09_f0]

zone name z50_azpesxctx10_f0_unity8174_spa1_spb0 vsan 50
  fcalias name azseunty8174_SPA1 vsan 50
    pwwn 50:06:01:61:47:e4:22:97 [azseunty1773_SPA1]
  
  fcalias name azseunty8174_SPB0 vsan 50
    pwwn 50:06:01:68:47:e4:22:97 [azseunty1773_SPB0]
  
  fcalias name azpesxctx10_f0 vsan 50
    pwwn 20:ff:00:25:b5:a1:a0:0d [azpesxctx10_f0]

zone name z50_azpesxctx11_f0_unity8174_spa1_spb0 vsan 50
  fcalias name azseunty8174_SPA1 vsan 50
    pwwn 50:06:01:61:47:e4:22:97 [azseunty1773_SPA1]
  
  fcalias name azseunty8174_SPB0 vsan 50
    pwwn 50:06:01:68:47:e4:22:97 [azseunty1773_SPB0]
  
  fcalias name azpesxctx11_f0 vsan 50
    pwwn 20:ff:00:25:b5:a1:a0:0e [azpesxctx11_f0]

zone name z50_azpesxctx12_f0_unity8174_spa1_spb0 vsan 50
  fcalias name azseunty8174_SPA1 vsan 50
    pwwn 50:06:01:61:47:e4:22:97 [azseunty1773_SPA1]
  
  fcalias name azseunty8174_SPB0 vsan 50
    pwwn 50:06:01:68:47:e4:22:97 [azseunty1773_SPB0]
  
  fcalias name azpesxctx12_f0 vsan 50
    pwwn 20:ff:00:25:b5:a1:a0:0f [azpesxctx12_f0]

zone name z50_azpesxctx13_f0_unity8174_spa1_spb0 vsan 50
  fcalias name azseunty8174_SPA1 vsan 50
    pwwn 50:06:01:61:47:e4:22:97 [azseunty1773_SPA1]
  
  fcalias name azseunty8174_SPB0 vsan 50
    pwwn 50:06:01:68:47:e4:22:97 [azseunty1773_SPB0]
  
  fcalias name azpesxctx13_f0 vsan 50
    pwwn 20:ff:00:25:b5:a1:a0:10 [azpesxctx13_f0]

zone name z50_azpesxctx14_f0_unity8174_spa1_spb0 vsan 50
  fcalias name azseunty8174_SPA1 vsan 50
    pwwn 50:06:01:61:47:e4:22:97 [azseunty1773_SPA1]
  
  fcalias name azseunty8174_SPB0 vsan 50
    pwwn 50:06:01:68:47:e4:22:97 [azseunty1773_SPB0]
  
  fcalias name azpesxctx14_f0 vsan 50
    pwwn 20:ff:00:25:b5:a1:a0:11 [azpesxctx14_f0]

zone name z50_azpesxctx15_f0_unity8174_spa1_spb0 vsan 50
  fcalias name azseunty8174_SPA1 vsan 50
    pwwn 50:06:01:61:47:e4:22:97 [azseunty1773_SPA1]
  
  fcalias name azseunty8174_SPB0 vsan 50
    pwwn 50:06:01:68:47:e4:22:97 [azseunty1773_SPB0]
  
  fcalias name azpesxctx15_f0 vsan 50
    pwwn 20:ff:00:25:b5:a1:a0:12 [azpesxctx15_f0]

zone name z50_azpesxctx16_f0_unity8174_spa1_spb0 vsan 50
  fcalias name azseunty8174_SPA1 vsan 50
    pwwn 50:06:01:61:47:e4:22:97 [azseunty1773_SPA1]
  
  fcalias name azseunty8174_SPB0 vsan 50
    pwwn 50:06:01:68:47:e4:22:97 [azseunty1773_SPB0]
  
  fcalias name azpesxctx16_f0 vsan 50
    pwwn 20:ff:00:25:b5:a1:a0:13 [azpesxctx16_f0]

zone name z50_azpesxctx17_f0_unity8174_spa1_spb0 vsan 50
  fcalias name azseunty8174_SPA1 vsan 50
    pwwn 50:06:01:61:47:e4:22:97 [azseunty1773_SPA1]
  
  fcalias name azseunty8174_SPB0 vsan 50
    pwwn 50:06:01:68:47:e4:22:97 [azseunty1773_SPB0]
  
  fcalias name azpesxctx17_f0 vsan 50
    pwwn 20:ff:00:25:b5:a1:a0:14 [azpesxctx17_f0]

zone name z50_azpesxctx18_f0_unity8174_spa1_spb0 vsan 50
  fcalias name azseunty8174_SPA1 vsan 50
    pwwn 50:06:01:61:47:e4:22:97 [azseunty1773_SPA1]
  
  fcalias name azseunty8174_SPB0 vsan 50
    pwwn 50:06:01:68:47:e4:22:97 [azseunty1773_SPB0]
  
  fcalias name azpesxctx18_f0 vsan 50
    pwwn 20:ff:00:25:b5:a1:a0:15 [azpesxctx18_f0]

zone name z50_azpesxctx19_f0_unity8174_spa1_spb0 vsan 50
  fcalias name azseunty8174_SPA1 vsan 50
    pwwn 50:06:01:61:47:e4:22:97 [azseunty1773_SPA1]
  
  fcalias name azseunty8174_SPB0 vsan 50
    pwwn 50:06:01:68:47:e4:22:97 [azseunty1773_SPB0]
  
  fcalias name azpesxctx19_f0 vsan 50
    pwwn 20:ff:00:25:b5:a1:a0:16 [azpesxctx19_f0]

zone name z50_azpesxctx20_f0_unity8174_spa1_spb0 vsan 50
  fcalias name azseunty8174_SPA1 vsan 50
    pwwn 50:06:01:61:47:e4:22:97 [azseunty1773_SPA1]
  
  fcalias name azseunty8174_SPB0 vsan 50
    pwwn 50:06:01:68:47:e4:22:97 [azseunty1773_SPB0]
  
  fcalias name azpesxctx20_f0 vsan 50
    pwwn 20:ff:00:25:b5:a1:a0:17 [azpesxctx20_f0]

zone name z50_azpesxctx21_f0_unity8174_spa1_spb0 vsan 50
  fcalias name azseunty8174_SPA1 vsan 50
    pwwn 50:06:01:61:47:e4:22:97 [azseunty1773_SPA1]
  
  fcalias name azseunty8174_SPB0 vsan 50
    pwwn 50:06:01:68:47:e4:22:97 [azseunty1773_SPB0]
  
  fcalias name azpesxctx21_f0 vsan 50
    pwwn 20:ff:00:25:b5:a1:a0:18 [azpesxctx21_f0]

zone name z50_azpesxctx22_f0_unity8174_spa1_spb0 vsan 50
  fcalias name azseunty8174_SPA1 vsan 50
    pwwn 50:06:01:61:47:e4:22:97 [azseunty1773_SPA1]
  
  fcalias name azseunty8174_SPB0 vsan 50
    pwwn 50:06:01:68:47:e4:22:97 [azseunty1773_SPB0]
  
  fcalias name azpesxctx22_f0 vsan 50
    pwwn 20:ff:00:25:b5:a1:a0:19 [azpesxctx22_f0]

zone name z50_azpesxctx23_f0_unity8174_spa1_spb0 vsan 50
  fcalias name azseunty8174_SPA1 vsan 50
    pwwn 50:06:01:61:47:e4:22:97 [azseunty1773_SPA1]
  
  fcalias name azseunty8174_SPB0 vsan 50
    pwwn 50:06:01:68:47:e4:22:97 [azseunty1773_SPB0]
  
  fcalias name azpesxctx23_f0 vsan 50
    pwwn 20:ff:00:25:b5:a1:a0:1b [azpesxctx23_f0]

zone name z50_azpesxctx24_f0_unity8174_spa1_spb0 vsan 50
  fcalias name azseunty8174_SPA1 vsan 50
    pwwn 50:06:01:61:47:e4:22:97 [azseunty1773_SPA1]
  
  fcalias name azseunty8174_SPB0 vsan 50
    pwwn 50:06:01:68:47:e4:22:97 [azseunty1773_SPB0]
  
  fcalias name azpesxctx24_f0 vsan 50
    pwwn 20:ff:00:25:b5:a1:a0:1a [azpesxctx24_f0]

zone name z50_azpesxctx25_f0_unity8174_spa1_spb0 vsan 50
  fcalias name azseunty8174_SPA1 vsan 50
    pwwn 50:06:01:61:47:e4:22:97 [azseunty1773_SPA1]
  
  fcalias name azseunty8174_SPB0 vsan 50
    pwwn 50:06:01:68:47:e4:22:97 [azseunty1773_SPB0]
  
  fcalias name azpesxctx25_f0 vsan 50
    pwwn 20:ff:00:25:b5:a1:a0:1c [azpesxctx25_f0]

zone name z50_azpesxpci01-x_f0_unity8174_spa3_spb2 vsan 50
  fcalias name azseunty8174_SPA3 vsan 50
    pwwn 50:06:01:63:47:e4:22:97 [azseunty1773_SPA3]
  
  fcalias name azseunty8174_SPB2 vsan 50
    pwwn 50:06:01:6a:47:e4:22:97 [azseunty1773_SPB2]
  
  fcalias name azpesxpci01-x_f0 vsan 50
    pwwn 21:00:00:24:ff:10:02:00 [azpesxpci01-x_f0]

zone name z50_azxe01p_0FAE_8174_spb_iom_1_fc2 vsan 50
  pwwn 21:00:00:24:ff:03:0f:ae [azxe01p_f0]
  pwwn 50:06:01:6a:47:e4:22:97 [azseunty1773_SPB2]

zone name z50_azxe02p_1069_8174_spb_iom_1_fc2 vsan 50
  pwwn 21:00:00:24:ff:03:10:69 [azxe02p_f0]
  pwwn 50:06:01:6a:47:e4:22:97 [azseunty1773_SPB2]

zone name z50_azpe001_A01D_8174_spa_iom_1_fc3 vsan 50
  pwwn 20:ff:00:25:b5:a1:a0:1d [azpe001_f0]
  pwwn 50:06:01:63:47:e4:22:97 [azseunty1773_SPA3]

zone name z50_azpe002_A01E_8174_spb_iom_1_fc2 vsan 50
  pwwn 20:ff:00:25:b5:a1:a0:1e [azpe002_f0]
  pwwn 50:06:01:6a:47:e4:22:97 [azseunty1773_SPB2]

zone name z50_azpesxctx47_A035_8174_spb_iom_1_fc2 vsan 50
  pwwn 20:ff:00:25:b5:a1:a0:35 [azpesxctx47_f0]
  pwwn 50:06:01:6a:47:e4:22:97 [azseunty1773_SPB2]

zone name z50_azpesxctx49_A037_8174_spb_iom_1_fc0 vsan 50
  pwwn 20:ff:00:25:b5:a1:a0:37 [azpesxctx49_f0]
  pwwn 50:06:01:68:47:e4:22:97 [azseunty1773_SPB0]

zone name z50_azpesxctx49_A037_8174_spa_iom_1_fc3 vsan 50
  pwwn 20:ff:00:25:b5:a1:a0:37 [azpesxctx49_f0]
  pwwn 50:06:01:63:47:e4:22:97 [azseunty1773_SPA3]

zone name z50_azpesxctx26_A027_8174_spa_iom_1_fc1 vsan 50
  pwwn 20:ff:00:25:b5:a1:a0:27 [azpesxctx26_f0]
  pwwn 50:06:01:61:47:e4:22:97 [azseunty1773_SPA1]

zone name z50_azpesxctx26_A027_8174_spb_iom_1_fc2 vsan 50
  pwwn 20:ff:00:25:b5:a1:a0:27 [azpesxctx26_f0]
  pwwn 50:06:01:6a:47:e4:22:97 [azseunty1773_SPB2]

zone name z50_azpesxctx28_A02B_8174_spb_iom_1_fc0 vsan 50
  pwwn 20:ff:00:25:b5:a1:a0:2b [azpesxctx28_f0]
  pwwn 50:06:01:68:47:e4:22:97 [azseunty1773_SPB0]

zone name z50_azpesxctx28_A02B_8174_spa_iom_1_fc3 vsan 50
  pwwn 20:ff:00:25:b5:a1:a0:2b [azpesxctx28_f0]
  pwwn 50:06:01:63:47:e4:22:97 [azseunty1773_SPA3]

zone name z50_azpesxctx31_A021_8174_spa_iom_1_fc1 vsan 50
  pwwn 20:ff:00:25:b5:a1:a0:21 [azpesxctx31_f0]
  pwwn 50:06:01:61:47:e4:22:97 [azseunty1773_SPA1]

zone name z50_azpesxctx31_A021_8174_spb_iom_1_fc2 vsan 50
  pwwn 20:ff:00:25:b5:a1:a0:21 [azpesxctx31_f0]
  pwwn 50:06:01:6a:47:e4:22:97 [azseunty1773_SPB2]

zone name z50_azpesxctx32_A023_8174_spb_iom_1_fc0 vsan 50
  pwwn 20:ff:00:25:b5:a1:a0:23 [azpesxctx32_f0]
  pwwn 50:06:01:68:47:e4:22:97 [azseunty1773_SPB0]

zone name z50_azpesxctx32_A023_8174_spa_iom_1_fc3 vsan 50
  pwwn 20:ff:00:25:b5:a1:a0:23 [azpesxctx32_f0]
  pwwn 50:06:01:63:47:e4:22:97 [azseunty1773_SPA3]

zone name z50_azpesxctx29_A02D_8174_spa_iom_1_fc1 vsan 50
  pwwn 20:ff:00:25:b5:a1:a0:2d [azpesxctx29_f0]
  pwwn 50:06:01:61:47:e4:22:97 [azseunty1773_SPA1]

zone name z50_azpesxctx29_A02D_8174_spb_iom_1_fc2 vsan 50
  pwwn 20:ff:00:25:b5:a1:a0:2d [azpesxctx29_f0]
  pwwn 50:06:01:6a:47:e4:22:97 [azseunty1773_SPB2]

zone name z50_azpesxctx33_A024_8174_spb_iom_1_fc0 vsan 50
  pwwn 20:ff:00:25:b5:a1:a0:24 [azpesxctx33_f0]
  pwwn 50:06:01:68:47:e4:22:97 [azseunty1773_SPB0]

zone name z50_azpesxctx33_A024_8174_spa_iom_1_fc3 vsan 50
  pwwn 20:ff:00:25:b5:a1:a0:24 [azpesxctx33_f0]
  pwwn 50:06:01:63:47:e4:22:97 [azseunty1773_SPA3]

zone name z50_azpesxctx30_A01F_8174_spa_iom_1_fc1 vsan 50
  pwwn 20:ff:00:25:b5:a1:a0:1f [azpesxctx30_f0]
  pwwn 50:06:01:61:47:e4:22:97 [azseunty1773_SPA1]

zone name z50_azpesxctx30_A01F_8174_spb_iom_1_fc2 vsan 50
  pwwn 20:ff:00:25:b5:a1:a0:1f [azpesxctx30_f0]
  pwwn 50:06:01:6a:47:e4:22:97 [azseunty1773_SPB2]

zone name z50_azpesxctx27_A029_8174_spb_iom_1_fc0 vsan 50
  pwwn 20:ff:00:25:b5:a1:a0:29 [azpesxctx27_f0]
  pwwn 50:06:01:68:47:e4:22:97 [azseunty1773_SPB0]

zone name z50_azpesxctx27_A029_8174_spa_iom_1_fc3 vsan 50
  pwwn 20:ff:00:25:b5:a1:a0:29 [azpesxctx27_f0]
  pwwn 50:06:01:63:47:e4:22:97 [azseunty1773_SPA3]

zone name z50_azpesxctx35_A026_8174_spa_iom_1_fc1 vsan 50
  pwwn 20:ff:00:25:b5:a1:a0:26 [azpesxctx35_f0]
  pwwn 50:06:01:61:47:e4:22:97 [azseunty1773_SPA1]

zone name z50_azpesxctx35_A026_8174_spb_iom_1_fc2 vsan 50
  pwwn 20:ff:00:25:b5:a1:a0:26 [azpesxctx35_f0]
  pwwn 50:06:01:6a:47:e4:22:97 [azseunty1773_SPB2]

zone name z50_azpesxctx37_A02A_8174_spb_iom_1_fc0 vsan 50
  pwwn 20:ff:00:25:b5:a1:a0:2a [azpesxctx37_f0]
  pwwn 50:06:01:68:47:e4:22:97 [azseunty1773_SPB0]

zone name z50_azpesxctx37_A02A_8174_spa_iom_1_fc3 vsan 50
  pwwn 20:ff:00:25:b5:a1:a0:2a [azpesxctx37_f0]
  pwwn 50:06:01:63:47:e4:22:97 [azseunty1773_SPA3]

zone name z50_azpesxctx38_A02C_8174_spa_iom_1_fc1 vsan 50
  pwwn 20:ff:00:25:b5:a1:a0:2c [azpesxctx38_f0]
  pwwn 50:06:01:61:47:e4:22:97 [azseunty1773_SPA1]

zone name z50_azpesxctx38_A02C_8174_spb_iom_1_fc2 vsan 50
  pwwn 20:ff:00:25:b5:a1:a0:2c [azpesxctx38_f0]
  pwwn 50:06:01:6a:47:e4:22:97 [azseunty1773_SPB2]

zone name z50_azpesxctx40_A020_8174_spb_iom_1_fc0 vsan 50
  pwwn 20:ff:00:25:b5:a1:a0:20 [azpesxctx40_f0]
  pwwn 50:06:01:68:47:e4:22:97 [azseunty1773_SPB0]

zone name z50_azpesxctx40_A020_8174_spa_iom_1_fc3 vsan 50
  pwwn 20:ff:00:25:b5:a1:a0:20 [azpesxctx40_f0]
  pwwn 50:06:01:63:47:e4:22:97 [azseunty1773_SPA3]

zone name z50_azpesxctx34_A025_8174_spa_iom_1_fc1 vsan 50
  pwwn 20:ff:00:25:b5:a1:a0:25 [azpesxctx34_f0]
  pwwn 50:06:01:61:47:e4:22:97 [azseunty1773_SPA1]

zone name z50_azpesxctx34_A025_8174_spb_iom_1_fc2 vsan 50
  pwwn 20:ff:00:25:b5:a1:a0:25 [azpesxctx34_f0]
  pwwn 50:06:01:6a:47:e4:22:97 [azseunty1773_SPB2]

zone name z50_azpesxctx41_A022_8174_spb_iom_1_fc0 vsan 50
  pwwn 20:ff:00:25:b5:a1:a0:22 [azpesxctx41_f0]
  pwwn 50:06:01:68:47:e4:22:97 [azseunty1773_SPB0]

zone name z50_azpesxctx41_A022_8174_spa_iom_1_fc3 vsan 50
  pwwn 20:ff:00:25:b5:a1:a0:22 [azpesxctx41_f0]
  pwwn 50:06:01:63:47:e4:22:97 [azseunty1773_SPA3]

zone name z50_azpesxctx42_A02F_8174_spa_iom_1_fc1 vsan 50
  pwwn 20:ff:00:25:b5:a1:a0:2f [azpesxctx42_f0]
  pwwn 50:06:01:61:47:e4:22:97 [azseunty1773_SPA1]

zone name z50_azpesxctx42_A02F_8174_spb_iom_1_fc2 vsan 50
  pwwn 20:ff:00:25:b5:a1:a0:2f [azpesxctx42_f0]
  pwwn 50:06:01:6a:47:e4:22:97 [azseunty1773_SPB2]

zone name z50_azpesxctx36_A028_8174_spb_iom_1_fc0 vsan 50
  pwwn 20:ff:00:25:b5:a1:a0:28 [azpesxctx36_f0]
  pwwn 50:06:01:68:47:e4:22:97 [azseunty1773_SPB0]

zone name z50_azpesxctx36_A028_8174_spa_iom_1_fc3 vsan 50
  pwwn 20:ff:00:25:b5:a1:a0:28 [azpesxctx36_f0]
  pwwn 50:06:01:63:47:e4:22:97 [azseunty1773_SPA3]

zone name z50_azpesxctx43_A030_8174_spa_iom_1_fc1 vsan 50
  pwwn 20:ff:00:25:b5:a1:a0:30 [azpesxctx43_f0]
  pwwn 50:06:01:61:47:e4:22:97 [azseunty1773_SPA1]

zone name z50_azpesxctx43_A030_8174_spb_iom_1_fc2 vsan 50
  pwwn 20:ff:00:25:b5:a1:a0:30 [azpesxctx43_f0]
  pwwn 50:06:01:6a:47:e4:22:97 [azseunty1773_SPB2]

zone name z50_azpesxctx44_A031_8174_spb_iom_1_fc0 vsan 50
  pwwn 20:ff:00:25:b5:a1:a0:31 [azpesxctx44_f0]
  pwwn 50:06:01:68:47:e4:22:97 [azseunty1773_SPB0]

zone name z50_azpesxctx44_A031_8174_spa_iom_1_fc3 vsan 50
  pwwn 20:ff:00:25:b5:a1:a0:31 [azpesxctx44_f0]
  pwwn 50:06:01:63:47:e4:22:97 [azseunty1773_SPA3]

zone name z50_azpesxctx45_A032_8174_spa_iom_1_fc1 vsan 50
  pwwn 20:ff:00:25:b5:a1:a0:32 [azpesxctx45_f0]
  pwwn 50:06:01:61:47:e4:22:97 [azseunty1773_SPA1]

zone name z50_azpesxctx45_A032_8174_spb_iom_1_fc2 vsan 50
  pwwn 20:ff:00:25:b5:a1:a0:32 [azpesxctx45_f0]
  pwwn 50:06:01:6a:47:e4:22:97 [azseunty1773_SPB2]

zone name z50_azpesxctx39_A02E_8174_spb_iom_1_fc0 vsan 50
  pwwn 20:ff:00:25:b5:a1:a0:2e [azpesxctx39_f0]
  pwwn 50:06:01:68:47:e4:22:97 [azseunty1773_SPB0]

zone name z50_azpesxctx39_A02E_8174_spa_iom_1_fc3 vsan 50
  pwwn 20:ff:00:25:b5:a1:a0:2e [azpesxctx39_f0]
  pwwn 50:06:01:63:47:e4:22:97 [azseunty1773_SPA3]

zone name z50_azunim1_f0_unity8714_spa1 vsan 50
  fcalias name azseunty8174_SPA1 vsan 50
    pwwn 50:06:01:61:47:e4:22:97 [azseunty1773_SPA1]
  
  fcalias name azunim1_f0 vsan 50
    pwwn c0:50:76:09:5b:20:00:10 [azunim1_f0]

zone name z50_azunim1_f2_unity8714_spb0 vsan 50
  fcalias name azseunty8174_SPB0 vsan 50
    pwwn 50:06:01:68:47:e4:22:97 [azseunty1773_SPB0]
  
  fcalias name azunim1_f2 vsan 50
    pwwn c0:50:76:09:5b:20:00:14 [azunim1_f2]

zone name z50_azusant_f2_unity8174_spb0 vsan 50
  fcalias name azseunty8174_SPB0 vsan 50
    pwwn 50:06:01:68:47:e4:22:97 [azseunty1773_SPB0]
  
  fcalias name azusant_f2 vsan 50
    pwwn c0:50:76:09:5b:20:00:60 [azusant_f2]

zone name z50_azucdrdb1_f0_unity8174_spa1 vsan 50
  fcalias name azseunty8174_SPA1 vsan 50
    pwwn 50:06:01:61:47:e4:22:97 [azseunty1773_SPA1]
  
  fcalias name azucdrdb1_f0 vsan 50
    pwwn c0:50:76:09:5b:20:00:3a [azucdrdb1_f0]

zone name z50_azucdrdb1_f2_unity8174_spb0 vsan 50
  fcalias name azseunty8174_SPB0 vsan 50
    pwwn 50:06:01:68:47:e4:22:97 [azseunty1773_SPB0]
  
  fcalias name azucdrdb1_f2 vsan 50
    pwwn c0:50:76:09:5b:20:00:3e [azucdrdb1_f2]

zone name z50_azpups01_f0_unity8174_spa1 vsan 50
  fcalias name azseunty8174_SPA1 vsan 50
    pwwn 50:06:01:61:47:e4:22:97 [azseunty1773_SPA1]
  
  fcalias name azupsp1_f0 vsan 50
    pwwn c0:50:76:09:5b:20:00:1a [azupsp1_f0]

zone name z50_azupsdbp1_f0_unity8174_spa1 vsan 50
  fcalias name azseunty8174_SPA1 vsan 50
    pwwn 50:06:01:61:47:e4:22:97 [azseunty1773_SPA1]
  
  fcalias name azupsdbp1_f0 vsan 50
    pwwn c0:50:76:09:5b:20:00:20 [azupsdbp1_f0]

zone name z50_azupsdbp1_f2_unity8174_spb0 vsan 50
  fcalias name azseunty8174_SPB0 vsan 50
    pwwn 50:06:01:68:47:e4:22:97 [azseunty1773_SPB0]
  
  fcalias name azupsdbp1_f2 vsan 50
    pwwn c0:50:76:09:5b:20:00:24 [azupsdbp1_f2]

zone name z50_azucdrsr1_f0_unity1773_spa3 vsan 50
  fcalias name azseunty8174_SPA3 vsan 50
    pwwn 50:06:01:63:47:e4:22:97 [azseunty1773_SPA3]
  
  fcalias name azucdrsr1_f0 vsan 50
    pwwn c0:50:76:09:5b:20:00:44 [azucdrsr1_f0]

zone name z50_azudbas1_f0_unity8174_spa1 vsan 50
  fcalias name azseunty8174_SPA1 vsan 50
    pwwn 50:06:01:61:47:e4:22:97 [azseunty1773_SPA1]
  
  fcalias name azudbas1_f0 vsan 50
    pwwn c0:50:76:09:5b:20:00:4a [azudbas1_f0]

zone name z50_azudbas1_f2_unity8174_spb0 vsan 50
  fcalias name azseunty8174_SPB0 vsan 50
    pwwn 50:06:01:68:47:e4:22:97 [azseunty1773_SPB0]
  
  fcalias name azudbas1_f2 vsan 50
    pwwn c0:50:76:09:5b:20:00:4e [azudbas1_f2]

zone name z50_azukronp1_f0_unity8174_spa1 vsan 50
  fcalias name azseunty8174_SPA1 vsan 50
    pwwn 50:06:01:61:47:e4:22:97 [azseunty1773_SPA1]
  
  fcalias name azukronp1_f0 vsan 50
    pwwn c0:50:76:09:5b:20:00:2a [azukronp1_f0]

zone name z50_azukronp1_f00_unity8174_spb0 vsan 50
  fcalias name azseunty8174_SPB0 vsan 50
    pwwn 50:06:01:68:47:e4:22:97 [azseunty1773_SPB0]
  
  fcalias name azukronp1_f00 vsan 50
    pwwn c0:50:76:09:5b:20:00:2e [azukronp1_f00]

zone name z50_azpups01_f2_unity8174_spb0 vsan 50
  fcalias name azseunty8174_SPB0 vsan 50
    pwwn 50:06:01:68:47:e4:22:97 [azseunty1773_SPB0]
  
  fcalias name azupsp1_f2 vsan 50
    pwwn c0:50:76:09:5b:20:00:1e [azupsp1_f2]

zone name z50_azucdrsr1_f2_unity1773_spb2 vsan 50
  fcalias name azseunty8174_SPB2 vsan 50
    pwwn 50:06:01:6a:47:e4:22:97 [azseunty1773_SPB2]
  
  fcalias name azucdrsr1_f2 vsan 50
    pwwn c0:50:76:09:5b:20:00:40 [azucdrsr1_f2]

zone name z50_azuepicclarp1_f0_unity8174_spa3 vsan 50
  fcalias name azseunty8174_SPA3 vsan 50
    pwwn 50:06:01:63:47:e4:22:97 [azseunty1773_SPA3]
  
  fcalias name azuepicclarp1_f0 vsan 50
    pwwn c0:50:76:09:5b:20:00:50 [azuepicclarp1_f0]

zone name z50_azuepicclarp1_f2_unity8174_spb2 vsan 50
  fcalias name azseunty8174_SPB2 vsan 50
    pwwn 50:06:01:6a:47:e4:22:97 [azseunty1773_SPB2]
  
  fcalias name azuepicclarp1_f2 vsan 50
    pwwn c0:50:76:09:5b:20:00:54 [azuepicclarp1_f2]

zone name z50_azpwovd01_A001_8174_spb_iom_1_fc2 vsan 50
  pwwn 20:ff:00:25:b5:a2:a0:01 [azpwovd01_f0]
  pwwn 50:06:01:6a:47:e4:22:97 [azseunty1773_SPB2]
