VSAN: 50 default-zone: deny distribute: full Interop: default
    mode: basic merge-control: allow
    session: none
    hard-zoning: enabled broadcast: unsupported
    smart-zoning: disabled
    rscn-format: fabric-address
    activation overwrite control: disabled
Default zone:
    qos: none broadcast: unsupported ronly: unsupported
Full Zoning Database :
    DB size: 31812 bytes
    Zonesets:1  Zones:134 Aliases: 106
Active Zoning Database :
    DB size: 10808 bytes
    Name: z50_csphfab1_zoneset  Zonesets:1  Zones:134
Current Total Zone DB Usage: 42620 / 4000000 bytes (1 % used)
Pending (Session) DB size:
    Full DB Copy size: n/a
    Active DB Copy size: n/a
SFC size: 42620 / 4000000 bytes (1 % used)
Status: Activation completed at 22:19:08 PDT Apr 13 2020

